[*] [Default] Game server socket bound to port 60000



Packet Tick Begin ============================================================\\
[*] [Default] Unknown client 127.0.0.1:52781 sent SessionRequest. Beginning session
[DEBUG] inputPool capacity=30000 bufferSize=512
[CORE HANDLE] opcode=0x0001 dataLen=35 isSubPacket=0

[*] [Core] Handling SessionRequest...

[*] [Core] Unpacking SessionRequest...
crcLen           3                   
sessionId        1129046342          
udpLength        512                 
protocolName     ExternalGatewayApi_3

[!] [Core] Ignoring connection args requested by client

[*] [Core] Packing SessionReply...
--- sessionId: 1129046342
--- crcSeed: 0
--- crcLen: 0
--- compression: 0
--- udpLen: 512
--- soeProtocolVersion: 3

[*] [Core] Sent 21 bytes to 127.0.0.1:52781
Packet Tick End ==============================================================//


Packet Tick Begin ============================================================\\
[CORE HANDLE] opcode=0x0009 dataLen=79 isSubPacket=0

[*] [Core] Handling Data...

[*] [Core] Unpacking Data...
sequence         0                   
data             46197ff584          
dataLen          75                  
crc              0                   
[STREAM] Write: seq=0 nextSeq=-1 prevAck=-1 isFragment=0 dataLen=75
[***] FragmentInsert: sequence=0,  data=00000046197ff584, dataLen=75, isFragment=0, index=0
[GW] Raw byte 0x01, dataLen=75

[*] [Gateway] (0) Handling LoginRequest...

[*] [Gateway] Unpacking LoginRequest...
-- characterId            	27036819140519	189700002fa7h	27036819140519.000000
-- serverTicketLen           	22
-- clientProtocolLen           	19
-- clientBuildLen           	13
[GW] Extracted character name from ticket: 'awdawd' len=6
[*] Enabling encryption for session

[*] [Gateway] Packing LoginReply...
-- isLoggedIn            	1	1h	1.000000

[*] [Core] Packing Data...

[*] [Core] Sent 6 bytes to 127.0.0.1:52781

[*] [Gateway] Packing ChannelIsRoutable...
-- channel                 	0	0h	0.000000
-- isRoutable             	1	1h	1.000000
-- unkBool                	0	0h	0.000000

[*] [Core] Packing Data...

[*] [Core] Sent 7 bytes to 127.0.0.1:52781

[*] [Gateway] Packing ChannelIsRoutable...
-- channel                 	1	1h	1.000000
-- isRoutable             	1	1h	1.000000
-- unkBool                	0	0h	0.000000

[*] [Core] Packing Data...

[*] [Core] Sent 7 bytes to 127.0.0.1:52781

[*] [Gateway] Packing ChannelIsRoutable...
-- channel                 	2	2h	2.000000
-- isRoutable             	1	1h	1.000000
-- unkBool                	0	0h	0.000000

[*] [Core] Packing Data...

[*] [Core] Sent 7 bytes to 127.0.0.1:52781
[!] Character 189700002fa7h trying to login to zone server

[*] [Zone] Packing InitializationParameters...
-- STRING_LENGTH           	9	9h	9.000000
-- STRING_LENGTH           	0	0h	0.000000
-- LIST_COUNT              	0	0h	0.000000
[ZONE SEND] kind=226 packedLen=22

[*] [Gateway] Packing TunnelPacketToExternalConnection...
-- channel                 	0	0h	0.000000

[*] [Core] Packing Data...

[*] [Core] Sent 27 bytes to 127.0.0.1:52781

[*] [Zone] Packing SendZoneDetails...
-- STRING_LENGTH           	2	2h	2.000000
-- zone_type               	4	4h	4.000000
-- unk_bool                	0	0h	0.000000
-- overcast                	1	1h	1.000000
-- fogDensity              	0	0h	0.000173
-- fogFloor                	10	ah	10.000000
-- fogGradient             	0	0h	0.014400
-- globalPrecipitation     	0	0h	0.000000
-- temperature             	75	4bh	75.000000
-- skyClarity              	0	0h	0.000000
-- cloudWeight0            	0	0h	0.050000
-- cloudWeight1            	0	0h	0.000000
-- cloudWeight2            	0	0h	0.050000
-- cloudWeight3            	0	0h	0.150000
-- transitionTime          	0	0h	0.000000
-- sunAxisX                	38	26h	38.000000
-- sunAxisY                	-15	fffffffffffffff1h	-15.000000
-- sunAxisZ                	0	0h	0.000000
-- windDirX                	-1	ffffffffffffffffh	-1.000000
-- windDirY                	0	0h	-0.500000
-- windDirZ                	-1	ffffffffffffffffh	-1.000000
-- wind                    	3	3h	3.000000
-- rainMinStrength         	0	0h	0.000000
-- rainRampUpTimeSeconds   	1	1h	1.000000
-- STRING_LENGTH           	16	10h	16.000000
-- stratusCloudTiling      	0	0h	0.300000
-- stratusCloudScrollU     	0	0h	-0.002000
-- stratusCloudScrollV     	0	0h	0.000000
-- stratusCloudHeight      	1000	3e8h	1000.000000
-- cumulusCloudTiling      	0	0h	0.200000
-- cumulusCloudScrollU     	0	0h	0.000000
-- cumulusCloudScrollV     	0	0h	0.002000
-- cumulusCloudHeight      	8000	1f40h	8000.000000
-- cloudAnimationSpeed     	0	0h	0.000000
-- cloudSilverLiningThickness	0	0h	0.250000
-- cloudSilverLiningBrightness	7	7h	7.000000
-- cloudShadows            	0	0h	0.500000
-- zone_id                 	5	5h	5.000000
-- zone_id_2               	0	0h	0.000000
-- name_id                 	61609	f0a9h	61609.000000
-- unk_bool2               	1	1h	1.000000
-- STRING_LENGTH           	15	fh	15.000000
-- unk_bool3               	0	0h	0.000000
-- unk_bool4               	0	0h	0.000000
[ZONE SEND] kind=138 packedLen=198

[*] [Gateway] Packing TunnelPacketToExternalConnection...
-- channel                 	0	0h	0.000000

[*] [Core] Packing Data...

[*] [Core] Sent 203 bytes to 127.0.0.1:52781

[*] [Zone] Packing ClientGameSettings...
-- unk_u32                 	0	0h	0.000000
-- interact_glow_and_dist  	16	10h	16.000000
-- unk_bool                	1	1h	1.000000
-- timescale               	1	1h	1.000000
-- enable_weapons          	1	1h	1.000000
-- unk_u32_2               	1	1h	1.000000
-- unk_float1              	0	0h	0.000000
-- unk_float2              	15	fh	15.000000
-- damage_multiplier       	11	bh	11.000000
[ZONE SEND] kind=212 packedLen=34

[*] [Gateway] Packing TunnelPacketToExternalConnection...
-- channel                 	0	0h	0.000000

[*] [Core] Packing Data...

[*] [Core] Sent 39 bytes to 127.0.0.1:52781

[*] [Zone] Packing UpdateWeatherData...
-- overcast                	1	1h	1.000000
-- fogDensity              	0	0h	0.000173
-- fogFloor                	10	ah	10.000000
-- fogGradient             	0	0h	0.014400
-- globalPrecipitation     	0	0h	0.000000
-- temperature             	75	4bh	75.000000
-- skyClarity              	0	0h	0.000000
-- cloudWeight0            	0	0h	0.050000
-- cloudWeight1            	0	0h	0.000000
-- cloudWeight2            	0	0h	0.050000
-- cloudWeight3            	0	0h	0.150000
-- transitionTime          	0	0h	0.000000
-- sunAxisX                	38	26h	38.000000
-- sunAxisY                	-15	fffffffffffffff1h	-15.000000
-- sunAxisZ                	0	0h	0.000000
-- windDirX                	-1	ffffffffffffffffh	-1.000000
-- windDirY                	0	0h	-0.500000
-- windDirZ                	-1	ffffffffffffffffh	-1.000000
-- wind                    	3	3h	3.000000
-- rainMinStrength         	0	0h	0.000000
-- rainRampUpTimeSeconds   	1	1h	1.000000
-- STRING_LENGTH           	16	10h	16.000000
-- stratusCloudTiling      	0	0h	0.300000
-- stratusCloudScrollU     	0	0h	-0.002000
-- stratusCloudScrollV     	0	0h	0.000000
-- stratusCloudHeight      	1000	3e8h	1000.000000
-- cumulusCloudTiling      	0	0h	0.200000
-- cumulusCloudScrollU     	0	0h	0.000000
-- cumulusCloudScrollV     	0	0h	0.002000
-- cumulusCloudHeight      	8000	1f40h	8000.000000
-- cloudAnimationSpeed     	0	0h	0.000000
-- cloudSilverLiningThickness	0	0h	0.250000
-- cloudSilverLiningBrightness	7	7h	7.000000
-- cloudShadows            	0	0h	0.500000
[ZONE SEND] kind=413 packedLen=153

[*] [Gateway] Packing TunnelPacketToExternalConnection...
-- channel                 	0	0h	0.000000

[*] [Core] Packing Data...

[*] [Core] Sent 158 bytes to 127.0.0.1:52781
[DEBUG] characterName: 'awdawd' len=6
[DEBUG] characterId: 0x189700002fa7

[*] [Zone] Packing ClientUpdate_UpdateLocation...
-- position                	-297.309998	506.059998	-297.309998	1.000000
-- rotation                	0.000000	-0.707100	0.000000	0.707100
-- trigger_loading_screen  	0	0h	0.000000
-- unk_u8_1                	0	0h	0.000000
-- unk_bool                	0	0h	0.000000
[ZONE SEND] kind=66 packedLen=38

[*] [Gateway] Packing TunnelPacketToExternalConnection...
-- channel                 	0	0h	0.000000

[*] [Core] Packing Data...

[*] [Core] Sent 43 bytes to 127.0.0.1:52781

[*] [Zone] Packing ClientBeginZoning...
-- STRING_LENGTH           	2	2h	2.000000
-- zone_type               	4	4h	4.000000
-- pos                     	-297.309998	506.059998	-297.309998	1.000000
-- rot                     	0.000000	-0.707100	0.000000	0.707100
-- overcast                	1	1h	1.000000
-- fogDensity              	0	0h	0.000173
-- fogFloor                	10	ah	10.000000
-- fogGradient             	0	0h	0.014400
-- globalPrecipitation     	0	0h	0.000000
-- temperature             	75	4bh	75.000000
-- skyClarity              	0	0h	0.000000
-- cloudWeight0            	0	0h	0.050000
-- cloudWeight1            	0	0h	0.000000
-- cloudWeight2            	0	0h	0.050000
-- cloudWeight3            	0	0h	0.150000
-- transitionTime          	0	0h	0.000000
-- sunAxisX                	38	26h	38.000000
-- sunAxisY                	-15	fffffffffffffff1h	-15.000000
-- sunAxisZ                	0	0h	0.000000
-- windDirX                	-1	ffffffffffffffffh	-1.000000
-- windDirY                	0	0h	-0.500000
-- windDirZ                	-1	ffffffffffffffffh	-1.000000
-- wind                    	3	3h	3.000000
-- rainMinStrength         	0	0h	0.000000
-- rainRampUpTimeSeconds   	1	1h	1.000000
-- STRING_LENGTH           	16	10h	16.000000
-- stratusCloudTiling      	0	0h	0.300000
-- stratusCloudScrollU     	0	0h	-0.002000
-- stratusCloudScrollV     	0	0h	0.000000
-- stratusCloudHeight      	1000	3e8h	1000.000000
-- cumulusCloudTiling      	0	0h	0.200000
-- cumulusCloudScrollU     	0	0h	0.000000
-- cumulusCloudScrollV     	0	0h	0.002000
-- cumulusCloudHeight      	8000	1f40h	8000.000000
-- cloudAnimationSpeed     	0	0h	0.000000
-- cloudSilverLiningThickness	0	0h	0.250000
-- cloudSilverLiningBrightness	7	7h	7.000000
-- cloudShadows            	0	0h	0.500000
-- unk_byte_1              	4	4h	4.000000
-- zone_id_1               	5	5h	5.000000
-- zone_id_2               	0	0h	0.000000
-- name_id                 	61609	f0a9h	61609.000000
-- unk_dword_1             	254478288	f2b07d0h	254478288.000000
-- unk_bool_1              	0	0h	0.000000
-- wait_for_zone_ready     	0	0h	0.000000
-- unk_bool_2              	0	0h	0.000000
[ZONE SEND] kind=33 packedLen=215

[*] [Gateway] Packing TunnelPacketToExternalConnection...
-- channel                 	0	0h	0.000000

[*] [Core] Packing Data...

[*] [Core] Sent 220 bytes to 127.0.0.1:52781

[*] [Zone] Packing ClientInitializationDetails...
-- unk_u32_1               	1	1h	1.000000
[ZONE SEND] kind=244 packedLen=5

[*] [Gateway] Packing TunnelPacketToExternalConnection...
-- channel                 	0	0h	0.000000

[*] [Core] Packing Data...

[*] [Core] Sent 10 bytes to 127.0.0.1:52781
[DEPLOY] Deploying character 0x189700002fa7 'awdawd'

[*] [Gateway] Packing TunnelPacketToExternalConnection...
-- channel                 	0	0h	0.000000

[*] [Core] Packing DataFragment...

[*] [Core] Sent 512 bytes to 127.0.0.1:52781

[*] [Core] Packing DataFragment...

[*] [Core] Sent 512 bytes to 127.0.0.1:52781

[*] [Core] Packing DataFragment...

[*] [Core] Sent 512 bytes to 127.0.0.1:52781

[*] [Core] Packing DataFragment...

[*] [Core] Sent 512 bytes to 127.0.0.1:52781

[*] [Core] Packing DataFragment...

[*] [Core] Sent 512 bytes to 127.0.0.1:52781

[*] [Core] Packing DataFragment...

[*] [Core] Sent 512 bytes to 127.0.0.1:52781

[*] [Core] Packing DataFragment...

[*] [Core] Sent 512 bytes to 127.0.0.1:52781

[*] [Core] Packing DataFragment...

[*] [Core] Sent 512 bytes to 127.0.0.1:52781

[*] [Core] Packing DataFragment...

[*] [Core] Sent 512 bytes to 127.0.0.1:52781

[*] [Core] Packing DataFragment...

[*] [Core] Sent 240 bytes to 127.0.0.1:52781

[*] [Gateway] Packing TunnelPacketToExternalConnection...
-- channel                 	0	0h	0.000000

[*] [Core] Packing DataFragment...

[*] [Core] Sent 512 bytes to 127.0.0.1:52781

[*] [Core] Packing DataFragment...

[*] [Core] Sent 512 bytes to 127.0.0.1:52781

[*] [Core] Packing DataFragment...

[*] [Core] Sent 512 bytes to 127.0.0.1:52781

[*] [Core] Packing DataFragment...

[*] [Core] Sent 512 bytes to 127.0.0.1:52781

[*] [Core] Packing DataFragment...

[*] [Core] Sent 512 bytes to 127.0.0.1:52781

[*] [Core] Packing DataFragment...

[*] [Core] Sent 512 bytes to 127.0.0.1:52781

[*] [Core] Packing DataFragment...

[*] [Core] Sent 512 bytes to 127.0.0.1:52781

[*] [Core] Packing DataFragment...

[*] [Core] Sent 512 bytes to 127.0.0.1:52781

[*] [Core] Packing DataFragment...

[*] [Core] Sent 512 bytes to 127.0.0.1:52781

[*] [Core] Packing DataFragment...

[*] [Core] Sent 512 bytes to 127.0.0.1:52781

[*] [Core] Packing DataFragment...

[*] [Core] Sent 512 bytes to 127.0.0.1:52781

[*] [Core] Packing DataFragment...

[*] [Core] Sent 512 bytes to 127.0.0.1:52781

[*] [Core] Packing DataFragment...

[*] [Core] Sent 512 bytes to 127.0.0.1:52781

[*] [Core] Packing DataFragment...

[*] [Core] Sent 512 bytes to 127.0.0.1:52781

[*] [Core] Packing DataFragment...

[*] [Core] Sent 512 bytes to 127.0.0.1:52781

[*] [Core] Packing DataFragment...

[*] [Core] Sent 512 bytes to 127.0.0.1:52781

[*] [Core] Packing DataFragment...

[*] [Core] Sent 512 bytes to 127.0.0.1:52781

[*] [Core] Packing DataFragment...

[*] [Core] Sent 512 bytes to 127.0.0.1:52781

[*] [Core] Packing DataFragment...

[*] [Core] Sent 512 bytes to 127.0.0.1:52781

[*] [Core] Packing DataFragment...

[*] [Core] Sent 512 bytes to 127.0.0.1:52781

[*] [Core] Packing DataFragment...

[*] [Core] Sent 512 bytes to 127.0.0.1:52781

[*] [Core] Packing DataFragment...

[*] [Core] Sent 512 bytes to 127.0.0.1:52781

[*] [Core] Packing DataFragment...

[*] [Core] Sent 512 bytes to 127.0.0.1:52781

[*] [Core] Packing DataFragment...

[*] [Core] Sent 512 bytes to 127.0.0.1:52781

[*] [Core] Packing DataFragment...

[*] [Core] Sent 512 bytes to 127.0.0.1:52781

[*] [Core] Packing DataFragment...

[*] [Core] Sent 512 bytes to 127.0.0.1:52781

[*] [Core] Packing DataFragment...

[*] [Core] Sent 512 bytes to 127.0.0.1:52781

[*] [Core] Packing DataFragment...

[*] [Core] Sent 512 bytes to 127.0.0.1:52781

[*] [Core] Packing DataFragment...

[*] [Core] Sent 512 bytes to 127.0.0.1:52781

[*] [Core] Packing DataFragment...

[*] [Core] Sent 512 bytes to 127.0.0.1:52781

[*] [Core] Packing DataFragment...

[*] [Core] Sent 512 bytes to 127.0.0.1:52781

[*] [Core] Packing DataFragment...

[*] [Core] Sent 512 bytes to 127.0.0.1:52781

[*] [Core] Packing DataFragment...

[*] [Core] Sent 512 bytes to 127.0.0.1:52781

[*] [Core] Packing DataFragment...

[*] [Core] Sent 512 bytes to 127.0.0.1:52781

[*] [Core] Packing DataFragment...

[*] [Core] Sent 512 bytes to 127.0.0.1:52781

[*] [Core] Packing DataFragment...

[*] [Core] Sent 512 bytes to 127.0.0.1:52781

[*] [Core] Packing DataFragment...

[*] [Core] Sent 512 bytes to 127.0.0.1:52781

[*] [Core] Packing DataFragment...

[*] [Core] Sent 512 bytes to 127.0.0.1:52781

[*] [Core] Packing DataFragment...

[*] [Core] Sent 512 bytes to 127.0.0.1:52781

[*] [Core] Packing DataFragment...

[*] [Core] Sent 512 bytes to 127.0.0.1:52781

[*] [Core] Packing DataFragment...

[*] [Core] Sent 512 bytes to 127.0.0.1:52781

[*] [Core] Packing DataFragment...

[*] [Core] Sent 512 bytes to 127.0.0.1:52781

[*] [Core] Packing DataFragment...

[*] [Core] Sent 512 bytes to 127.0.0.1:52781

[*] [Core] Packing DataFragment...

[*] [Core] Sent 512 bytes to 127.0.0.1:52781

[*] [Core] Packing DataFragment...

[*] [Core] Sent 512 bytes to 127.0.0.1:52781

[*] [Core] Packing DataFragment...

[*] [Core] Sent 512 bytes to 127.0.0.1:52781

[*] [Core] Packing DataFragment...

[*] [Core] Sent 512 bytes to 127.0.0.1:52781

[*] [Core] Packing DataFragment...

[*] [Core] Sent 512 bytes to 127.0.0.1:52781

[*] [Core] Packing DataFragment...

[*] [Core] Sent 512 bytes to 127.0.0.1:52781

[*] [Core] Packing DataFragment...

[*] [Core] Sent 512 bytes to 127.0.0.1:52781

[*] [Core] Packing DataFragment...

[*] [Core] Sent 512 bytes to 127.0.0.1:52781

[*] [Core] Packing DataFragment...

[*] [Core] Sent 512 bytes to 127.0.0.1:52781

[*] [Core] Packing DataFragment...

[*] [Core] Sent 512 bytes to 127.0.0.1:52781

[*] [Core] Packing DataFragment...

[*] [Core] Sent 512 bytes to 127.0.0.1:52781

[*] [Core] Packing DataFragment...

[*] [Core] Sent 512 bytes to 127.0.0.1:52781

[*] [Core] Packing DataFragment...

[*] [Core] Sent 512 bytes to 127.0.0.1:52781

[*] [Core] Packing DataFragment...

[*] [Core] Sent 512 bytes to 127.0.0.1:52781

[*] [Core] Packing DataFragment...

[*] [Core] Sent 512 bytes to 127.0.0.1:52781

[*] [Core] Packing DataFragment...

[*] [Core] Sent 512 bytes to 127.0.0.1:52781

[*] [Core] Packing DataFragment...

[*] [Core] Sent 512 bytes to 127.0.0.1:52781

[*] [Core] Packing DataFragment...

[*] [Core] Sent 512 bytes to 127.0.0.1:52781

[*] [Core] Packing DataFragment...

[*] [Core] Sent 512 bytes to 127.0.0.1:52781

[*] [Core] Packing DataFragment...

[*] [Core] Sent 512 bytes to 127.0.0.1:52781

[*] [Core] Packing DataFragment...

[*] [Core] Sent 512 bytes to 127.0.0.1:52781

[*] [Core] Packing DataFragment...

[*] [Core] Sent 512 bytes to 127.0.0.1:52781

[*] [Core] Packing DataFragment...

[*] [Core] Sent 512 bytes to 127.0.0.1:52781

[*] [Core] Packing DataFragment...

[*] [Core] Sent 512 bytes to 127.0.0.1:52781

[*] [Core] Packing DataFragment...

[*] [Core] Sent 512 bytes to 127.0.0.1:52781

[*] [Core] Packing DataFragment...

[*] [Core] Sent 512 bytes to 127.0.0.1:52781

[*] [Core] Packing DataFragment...

[*] [Core] Sent 512 bytes to 127.0.0.1:52781

[*] [Core] Packing DataFragment...

[*] [Core] Sent 512 bytes to 127.0.0.1:52781

[*] [Core] Packing DataFragment...

[*] [Core] Sent 512 bytes to 127.0.0.1:52781

[*] [Core] Packing DataFragment...

[*] [Core] Sent 512 bytes to 127.0.0.1:52781

[*] [Core] Packing DataFragment...

[*] [Core] Sent 512 bytes to 127.0.0.1:52781

[*] [Core] Packing DataFragment...

[*] [Core] Sent 512 bytes to 127.0.0.1:52781

[*] [Core] Packing DataFragment...

[*] [Core] Sent 512 bytes to 127.0.0.1:52781

[*] [Core] Packing DataFragment...

[*] [Core] Sent 512 bytes to 127.0.0.1:52781

[*] [Core] Packing DataFragment...

[*] [Core] Sent 512 bytes to 127.0.0.1:52781

[*] [Core] Packing DataFragment...

[*] [Core] Sent 512 bytes to 127.0.0.1:52781

[*] [Core] Packing DataFragment...

[*] [Core] Sent 512 bytes to 127.0.0.1:52781

[*] [Core] Packing DataFragment...

[*] [Core] Sent 225 bytes to 127.0.0.1:52781

[*] [Gateway] Packing TunnelPacketToExternalConnection...
-- channel                 	0	0h	0.000000

[*] [Core] Packing DataFragment...

[*] [Core] Sent 512 bytes to 127.0.0.1:52781

[*] [Core] Packing DataFragment...

[*] [Core] Sent 512 bytes to 127.0.0.1:52781

[*] [Core] Packing DataFragment...

[*] [Core] Sent 512 bytes to 127.0.0.1:52781

[*] [Core] Packing DataFragment...

[*] [Core] Sent 512 bytes to 127.0.0.1:52781

[*] [Core] Packing DataFragment...

[*] [Core] Sent 512 bytes to 127.0.0.1:52781

[*] [Core] Packing DataFragment...

[*] [Core] Sent 512 bytes to 127.0.0.1:52781

[*] [Core] Packing DataFragment...

[*] [Core] Sent 512 bytes to 127.0.0.1:52781

[*] [Core] Packing DataFragment...

[*] [Core] Sent 512 bytes to 127.0.0.1:52781

[*] [Core] Packing DataFragment...

[*] [Core] Sent 512 bytes to 127.0.0.1:52781

[*] [Core] Packing DataFragment...

[*] [Core] Sent 512 bytes to 127.0.0.1:52781

[*] [Core] Packing DataFragment...

[*] [Core] Sent 512 bytes to 127.0.0.1:52781

[*] [Core] Packing DataFragment...

[*] [Core] Sent 297 bytes to 127.0.0.1:52781

[*] [Gateway] Packing TunnelPacketToExternalConnection...
-- channel                 	0	0h	0.000000

[*] [Core] Packing Data...

[*] [Core] Sent 11 bytes to 127.0.0.1:52781

[*] [Gateway] Packing TunnelPacketToExternalConnection...
-- channel                 	0	0h	0.000000

[*] [Core] Packing DataFragment...

[*] [Core] Sent 512 bytes to 127.0.0.1:52781

[*] [Core] Packing DataFragment...

[*] [Core] Sent 512 bytes to 127.0.0.1:52781

[*] [Core] Packing DataFragment...

[*] [Core] Sent 512 bytes to 127.0.0.1:52781

[*] [Core] Packing DataFragment...

[*] [Core] Sent 512 bytes to 127.0.0.1:52781

[*] [Core] Packing DataFragment...

[*] [Core] Sent 512 bytes to 127.0.0.1:52781

[*] [Core] Packing DataFragment...

[*] [Core] Sent 512 bytes to 127.0.0.1:52781

[*] [Core] Packing DataFragment...

[*] [Core] Sent 512 bytes to 127.0.0.1:52781

[*] [Core] Packing DataFragment...

[*] [Core] Sent 239 bytes to 127.0.0.1:52781

[*] [Zone] Packing ContainerInitEquippedContainers...
-- ignore_this             	0	0h	0.000000
-- character_id            	27036819140519	189700002fa7h	27036819140519.000000
-- LIST_COUNT              	0	0h	0.000000
[ZONE SEND] kind=411 packedLen=22

[*] [Gateway] Packing TunnelPacketToExternalConnection...
-- channel                 	0	0h	0.000000

[*] [Core] Packing Data...

[*] [Core] Sent 27 bytes to 127.0.0.1:52781

[*] [Zone] Packing Equipment_SetCharacterEquipment...
-- STREAM_LENGTH           	0	0h	0.000000
-- profile_id              	5	5h	5.000000
-- character_id            	27036819140519	189700002fa7h	27036819140519.000000
-- unk_dword_1             	0	0h	0.000000
-- STRING_LENGTH           	7	7h	7.000000
-- STRING_LENGTH           	1	1h	1.000000
-- LIST_COUNT              	0	0h	0.000000
-- LIST_COUNT              	0	0h	0.000000
-- unk_bool_2              	1	1h	1.000000
[ZONE SEND] kind=351 packedLen=47

[*] [Gateway] Packing TunnelPacketToExternalConnection...
-- channel                 	0	0h	0.000000

[*] [Core] Packing Data...

[*] [Core] Sent 52 bytes to 127.0.0.1:52781

[*] [Zone] Packing Loadout_SetLoadoutSlots...
-- character_id            	27036819140519	189700002fa7h	27036819140519.000000
-- loadout_id              	3	3h	3.000000
-- LIST_COUNT              	0	0h	0.000000
-- current_slot_id         	7	7h	7.000000
[ZONE SEND] kind=295 packedLen=23

[*] [Gateway] Packing TunnelPacketToExternalConnection...
-- channel                 	0	0h	0.000000

[*] [Core] Packing Data...

[*] [Core] Sent 28 bytes to 127.0.0.1:52781

[*] [Zone] Packing Character_CharacterStateDelta...
-- guid_1                  	27036819140519	189700002fa7h	27036819140519.000000
-- guid_2                  	0	0h	0.000000
-- guid_3                  	0	0h	0.000000
-- guid_4                  	27036819140519	189700002fa7h	27036819140519.000000
-- game_time               	1774214017	69c05b81h	1774214017.000000
[ZONE SEND] kind=53 packedLen=39

[*] [Gateway] Packing TunnelPacketToExternalConnection...
-- channel                 	0	0h	0.000000

[*] [Core] Packing Data...

[*] [Core] Sent 44 bytes to 127.0.0.1:52781

[*] [Zone] Packing GameTimeSync...
-- time                    	1774214017	69c05b81h	1774214017.000000
-- cycle_speed             	12	ch	12.000000
-- unk_bool                	0	0h	0.000000
[ZONE SEND] kind=146 packedLen=14

[*] [Gateway] Packing TunnelPacketToExternalConnection...
-- channel                 	0	0h	0.000000

[*] [Core] Packing Data...

[*] [Core] Sent 19 bytes to 127.0.0.1:52781

[*] [Zone] Packing ClientUpdate_DoneSendingPreloadCharacters...
-- is_done                 	1	1h	1.000000
[ZONE SEND] kind=81 packedLen=4

[*] [Gateway] Packing TunnelPacketToExternalConnection...
-- channel                 	0	0h	0.000000

[*] [Core] Packing Data...

[*] [Core] Sent 9 bytes to 127.0.0.1:52781

[*] [Zone] Packing ZoneDoneSendingInitialData...
[ZONE SEND] kind=5 packedLen=1

[*] [Gateway] Packing TunnelPacketToExternalConnection...
-- channel                 	0	0h	0.000000

[*] [Core] Packing Data...

[*] [Core] Sent 6 bytes to 127.0.0.1:52781

[*] [Zone] Packing Character_UpdateCharacterState...
-- character_id            	27036819140519	189700002fa7h	27036819140519.000000
-- state1                  	96	60h	96.000000
-- state2                  	0	0h	0.000000
-- state3                  	0	0h	0.000000
-- state4                  	0	0h	0.000000
-- state5                  	0	0h	0.000000
-- state6                  	0	0h	0.000000
-- state7                  	0	0h	0.000000
-- placeholder             	0	0h	0.000000
-- game_time               	1774214017	69c05b81h	1774214017.000000
[ZONE SEND] kind=49 packedLen=23

[*] [Gateway] Packing TunnelPacketToExternalConnection...
-- channel                 	0	0h	0.000000

[*] [Core] Packing Data...

[*] [Core] Sent 28 bytes to 127.0.0.1:52781

[*] [Zone] Packing ClientUpdate_NetworkProximityUpdatesComplete...
[ZONE SEND] kind=108 packedLen=3

[*] [Gateway] Packing TunnelPacketToExternalConnection...
-- channel                 	0	0h	0.000000

[*] [Core] Packing Data...

[*] [Core] Sent 8 bytes to 127.0.0.1:52781
[DEPLOY] Character deployment complete

[*] [Zone] Packing AddLightweightPc...
-- character_id            	27036819140519	189700002fa7h	27036819140519.000000
-- transient_id            	52	34h
-- id_unknownDword1        	0	0h	0.000000
-- id_unknownDword2        	0	0h	0.000000
-- id_unknownDword3        	0	0h	0.000000
-- STRING_LENGTH           	6	6h	6.000000
-- STRING_LENGTH           	0	0h	0.000000
-- STRING_LENGTH           	0	0h	0.000000
-- STRING_LENGTH           	6	6h	6.000000
-- id_unknownQword1        	0	0h	0.000000
-- unknownByte1            	0	0h	0.000000
-- actorModelId            	9240	2418h	9240.000000
-- unknownDword1           	0	0h	0.000000
-- position                	-297.309998	506.059998	-297.309998
-- rotation                	0.000000	-0.707100	0.000000	0.707100
-- unknownFloat1           	0	0h	0.000000
-- mountGuid               	0	0h	0.000000
-- mountSeatId             	0	0h	0.000000
-- mountRelatedDword1      	0	0h	0.000000
-- movementVersion         	1	1h	1.000000
-- effectId                	0	0h	0.000000
-- unknownDword4           	0	0h	0.000000
-- unknownQword1           	0	0h	0.000000
-- unknownDword5           	0	0h	0.000000
-- flags1                  	0	0h	0.000000
[ZONE SEND] kind=423 packedLen=137

[*] [Gateway] Packing TunnelPacketToExternalConnection...
-- channel                 	0	0h	0.000000

[*] [Core] Packing Data...

[*] [Core] Sent 142 bytes to 127.0.0.1:52781

[*] [Gateway] Packing TunnelPacketToExternalConnection...
-- channel                 	0	0h	0.000000

[*] [Core] Packing Data...

[*] [Core] Sent 10 bytes to 127.0.0.1:52781
[***] Advancing FragmentPool; New base: 1
[*] [Default] Syncing ack (ch0)...

[*] [Core] Packing Ack...
--- channel: 0, sequence: 0

[*] [Core] Sent 4 bytes to 127.0.0.1:52781
Packet Tick End ==============================================================//


Packet Tick Begin ============================================================\\
[CORE HANDLE] opcode=0x0015 dataLen=4 isSubPacket=0

[*] [Core] Handling Ack...

[*] [Core] Unpacking Ack...
--- sequence: 10
[*] OutputStreamUpdateAck; previousAck=-1, sequence=10
Packet Tick End ==============================================================//


Packet Tick Begin ============================================================\\
[CORE HANDLE] opcode=0x0015 dataLen=4 isSubPacket=0

[*] [Core] Handling Ack...

[*] [Core] Unpacking Ack...
--- sequence: 133
[*] OutputStreamUpdateAck; previousAck=10, sequence=133
Packet Tick End ==============================================================//


Packet Tick Begin ============================================================\\
[CORE HANDLE] opcode=0x0006 dataLen=2 isSubPacket=0

[*] [Core] Received ping from client
Packet Tick End ==============================================================//


Packet Tick Begin ============================================================\\
[CORE HANDLE] opcode=0x0006 dataLen=2 isSubPacket=0

[*] [Core] Received ping from client
Packet Tick End ==============================================================//


Packet Tick Begin ============================================================\\
[CORE HANDLE] opcode=0x0009 dataLen=19 isSubPacket=0

[*] [Core] Handling Data...

[*] [Core] Unpacking Data...
sequence         1                   
data             46197ff584          
dataLen          15                  
crc              0                   
[STREAM] Write: seq=1 nextSeq=1 prevAck=0 isFragment=0 dataLen=15
[***] FragmentInsert: sequence=1,  data=00000046197ff584, dataLen=15, isFragment=0, index=0
[GW] Raw byte 0x06, dataLen=15

[*] [Gateway] (0) Handling TunnelPacketFromExternalConnection...

[*] [Gateway] Unpacking TunnelPacketFromExternalConnection...
[ZONE] Incoming packet first bytes: 0x1d 0xbc 0x5b (len=14)

[*] [Zone] Handling GameTimeSync

[*] [Zone] Packing GameTimeSync...
-- time                    	11	bh	11.000000
-- cycle_speed             	10	ah	10.000000
-- unk_bool                	1	1h	1.000000
[ZONE SEND] kind=146 packedLen=14

[*] [Gateway] Packing TunnelPacketToExternalConnection...
-- channel                 	0	0h	0.000000

[*] [Core] Packing Data...

[*] [Core] Sent 19 bytes to 127.0.0.1:52781
[***] Advancing FragmentPool; New base: 2
[*] [Default] Syncing ack (ch0)...

[*] [Core] Packing Ack...
--- channel: 0, sequence: 1

[*] [Core] Sent 4 bytes to 127.0.0.1:52781
Packet Tick End ==============================================================//


Packet Tick Begin ============================================================\\
[CORE HANDLE] opcode=0x0015 dataLen=4 isSubPacket=0

[*] [Core] Handling Ack...

[*] [Core] Unpacking Ack...
--- sequence: 134
[*] OutputStreamUpdateAck; previousAck=133, sequence=134
Packet Tick End ==============================================================//


Packet Tick Begin ============================================================\\
[CORE HANDLE] opcode=0x0009 dataLen=19 isSubPacket=0

[*] [Core] Handling Data...

[*] [Core] Unpacking Data...
sequence         2                   
data             46197ff584          
dataLen          15                  
crc              0                   
[STREAM] Write: seq=2 nextSeq=2 prevAck=1 isFragment=0 dataLen=15
[***] FragmentInsert: sequence=2,  data=00000046197ff584, dataLen=15, isFragment=0, index=0
[GW] Raw byte 0x06, dataLen=15

[*] [Gateway] (0) Handling TunnelPacketFromExternalConnection...

[*] [Gateway] Unpacking TunnelPacketFromExternalConnection...
[ZONE] Incoming packet first bytes: 0x1d 0xc9 0x5b (len=14)

[*] [Zone] Handling GameTimeSync

[*] [Zone] Packing GameTimeSync...
-- time                    	11	bh	11.000000
-- cycle_speed             	10	ah	10.000000
-- unk_bool                	1	1h	1.000000
[ZONE SEND] kind=146 packedLen=14

[*] [Gateway] Packing TunnelPacketToExternalConnection...
-- channel                 	0	0h	0.000000

[*] [Core] Packing Data...

[*] [Core] Sent 19 bytes to 127.0.0.1:52781
[***] Advancing FragmentPool; New base: 3
[*] [Default] Syncing ack (ch0)...

[*] [Core] Packing Ack...
--- channel: 0, sequence: 2

[*] [Core] Sent 4 bytes to 127.0.0.1:52781
Packet Tick End ==============================================================//


Packet Tick Begin ============================================================\\
[CORE HANDLE] opcode=0x0015 dataLen=4 isSubPacket=0

[*] [Core] Handling Ack...

[*] [Core] Unpacking Ack...
--- sequence: 135
[*] OutputStreamUpdateAck; previousAck=134, sequence=135
Packet Tick End ==============================================================//


Packet Tick Begin ============================================================\\
[CORE HANDLE] opcode=0x0009 dataLen=19 isSubPacket=0

[*] [Core] Handling Data...

[*] [Core] Unpacking Data...
sequence         3                   
data             46197ff584          
dataLen          15                  
crc              0                   
[STREAM] Write: seq=3 nextSeq=3 prevAck=2 isFragment=0 dataLen=15
[***] FragmentInsert: sequence=3,  data=00000046197ff584, dataLen=15, isFragment=0, index=0
[GW] Raw byte 0x06, dataLen=15

[*] [Gateway] (0) Handling TunnelPacketFromExternalConnection...

[*] [Gateway] Unpacking TunnelPacketFromExternalConnection...
[ZONE] Incoming packet first bytes: 0x1d 0xd4 0x5b (len=14)

[*] [Zone] Handling GameTimeSync

[*] [Zone] Packing GameTimeSync...
-- time                    	11	bh	11.000000
-- cycle_speed             	10	ah	10.000000
-- unk_bool                	1	1h	1.000000
[ZONE SEND] kind=146 packedLen=14

[*] [Gateway] Packing TunnelPacketToExternalConnection...
-- channel                 	0	0h	0.000000

[*] [Core] Packing Data...

[*] [Core] Sent 19 bytes to 127.0.0.1:52781
[***] Advancing FragmentPool; New base: 4
[*] [Default] Syncing ack (ch0)...

[*] [Core] Packing Ack...
--- channel: 0, sequence: 3

[*] [Core] Sent 4 bytes to 127.0.0.1:52781
Packet Tick End ==============================================================//


Packet Tick Begin ============================================================\\
[CORE HANDLE] opcode=0x0015 dataLen=4 isSubPacket=0

[*] [Core] Handling Ack...

[*] [Core] Unpacking Ack...
--- sequence: 136
[*] OutputStreamUpdateAck; previousAck=135, sequence=136
Packet Tick End ==============================================================//


Packet Tick Begin ============================================================\\
[CORE HANDLE] opcode=0x0009 dataLen=19 isSubPacket=0

[*] [Core] Handling Data...

[*] [Core] Unpacking Data...
sequence         4                   
data             46197ff584          
dataLen          15                  
crc              0                   
[STREAM] Write: seq=4 nextSeq=4 prevAck=3 isFragment=0 dataLen=15
[***] FragmentInsert: sequence=4,  data=00000046197ff584, dataLen=15, isFragment=0, index=0
[GW] Raw byte 0x06, dataLen=15

[*] [Gateway] (0) Handling TunnelPacketFromExternalConnection...

[*] [Gateway] Unpacking TunnelPacketFromExternalConnection...
[ZONE] Incoming packet first bytes: 0x1d 0xdf 0x5b (len=14)

[*] [Zone] Handling GameTimeSync

[*] [Zone] Packing GameTimeSync...
-- time                    	11	bh	11.000000
-- cycle_speed             	10	ah	10.000000
-- unk_bool                	1	1h	1.000000
[ZONE SEND] kind=146 packedLen=14

[*] [Gateway] Packing TunnelPacketToExternalConnection...
-- channel                 	0	0h	0.000000

[*] [Core] Packing Data...

[*] [Core] Sent 19 bytes to 127.0.0.1:52781
[***] Advancing FragmentPool; New base: 5
[*] [Default] Syncing ack (ch0)...

[*] [Core] Packing Ack...
--- channel: 0, sequence: 4

[*] [Core] Sent 4 bytes to 127.0.0.1:52781
Packet Tick End ==============================================================//


Packet Tick Begin ============================================================\\
[CORE HANDLE] opcode=0x0015 dataLen=4 isSubPacket=0

[*] [Core] Handling Ack...

[*] [Core] Unpacking Ack...
--- sequence: 137
[*] OutputStreamUpdateAck; previousAck=136, sequence=137
Packet Tick End ==============================================================//


Packet Tick Begin ============================================================\\
[CORE HANDLE] opcode=0x0009 dataLen=19 isSubPacket=0

[*] [Core] Handling Data...

[*] [Core] Unpacking Data...
sequence         5                   
data             46197ff584          
dataLen          15                  
crc              0                   
[STREAM] Write: seq=5 nextSeq=5 prevAck=4 isFragment=0 dataLen=15
[***] FragmentInsert: sequence=5,  data=00000046197ff584, dataLen=15, isFragment=0, index=0
[GW] Raw byte 0x06, dataLen=15

[*] [Gateway] (0) Handling TunnelPacketFromExternalConnection...

[*] [Gateway] Unpacking TunnelPacketFromExternalConnection...
[ZONE] Incoming packet first bytes: 0x1d 0xea 0x5b (len=14)

[*] [Zone] Handling GameTimeSync

[*] [Zone] Packing GameTimeSync...
-- time                    	11	bh	11.000000
-- cycle_speed             	10	ah	10.000000
-- unk_bool                	1	1h	1.000000
[ZONE SEND] kind=146 packedLen=14

[*] [Gateway] Packing TunnelPacketToExternalConnection...
-- channel                 	0	0h	0.000000

[*] [Core] Packing Data...

[*] [Core] Sent 19 bytes to 127.0.0.1:52781
[***] Advancing FragmentPool; New base: 6
[*] [Default] Syncing ack (ch0)...

[*] [Core] Packing Ack...
--- channel: 0, sequence: 5

[*] [Core] Sent 4 bytes to 127.0.0.1:52781
Packet Tick End ==============================================================//


Packet Tick Begin ============================================================\\
[CORE HANDLE] opcode=0x0015 dataLen=4 isSubPacket=0

[*] [Core] Handling Ack...

[*] [Core] Unpacking Ack...
--- sequence: 138
[*] OutputStreamUpdateAck; previousAck=137, sequence=138
Packet Tick End ==============================================================//


Packet Tick Begin ============================================================\\
[CORE HANDLE] opcode=0x0009 dataLen=19 isSubPacket=0

[*] [Core] Handling Data...

[*] [Core] Unpacking Data...
sequence         6                   
data             46197ff584          
dataLen          15                  
crc              0                   
[STREAM] Write: seq=6 nextSeq=6 prevAck=5 isFragment=0 dataLen=15
[***] FragmentInsert: sequence=6,  data=00000046197ff584, dataLen=15, isFragment=0, index=0
[GW] Raw byte 0x06, dataLen=15

[*] [Gateway] (0) Handling TunnelPacketFromExternalConnection...

[*] [Gateway] Unpacking TunnelPacketFromExternalConnection...
[ZONE] Incoming packet first bytes: 0x1d 0xf5 0x5b (len=14)

[*] [Zone] Handling GameTimeSync

[*] [Zone] Packing GameTimeSync...
-- time                    	11	bh	11.000000
-- cycle_speed             	10	ah	10.000000
-- unk_bool                	1	1h	1.000000
[ZONE SEND] kind=146 packedLen=14

[*] [Gateway] Packing TunnelPacketToExternalConnection...
-- channel                 	0	0h	0.000000

[*] [Core] Packing Data...

[*] [Core] Sent 19 bytes to 127.0.0.1:52781
[***] Advancing FragmentPool; New base: 7
[*] [Default] Syncing ack (ch0)...

[*] [Core] Packing Ack...
--- channel: 0, sequence: 6

[*] [Core] Sent 4 bytes to 127.0.0.1:52781
Packet Tick End ==============================================================//


Packet Tick Begin ============================================================\\
[CORE HANDLE] opcode=0x0015 dataLen=4 isSubPacket=0

[*] [Core] Handling Ack...

[*] [Core] Unpacking Ack...
--- sequence: 139
[*] OutputStreamUpdateAck; previousAck=138, sequence=139
Packet Tick End ==============================================================//


Packet Tick Begin ============================================================\\
[CORE HANDLE] opcode=0x0009 dataLen=19 isSubPacket=0

[*] [Core] Handling Data...

[*] [Core] Unpacking Data...
sequence         7                   
data             46197ff584          
dataLen          15                  
crc              0                   
[STREAM] Write: seq=7 nextSeq=7 prevAck=6 isFragment=0 dataLen=15
[***] FragmentInsert: sequence=7,  data=00000046197ff584, dataLen=15, isFragment=0, index=0
[GW] Raw byte 0x06, dataLen=15

[*] [Gateway] (0) Handling TunnelPacketFromExternalConnection...

[*] [Gateway] Unpacking TunnelPacketFromExternalConnection...
[ZONE] Incoming packet first bytes: 0x1d 0x00 0x5c (len=14)

[*] [Zone] Handling GameTimeSync

[*] [Zone] Packing GameTimeSync...
-- time                    	11	bh	11.000000
-- cycle_speed             	10	ah	10.000000
-- unk_bool                	1	1h	1.000000
[ZONE SEND] kind=146 packedLen=14

[*] [Gateway] Packing TunnelPacketToExternalConnection...
-- channel                 	0	0h	0.000000

[*] [Core] Packing Data...

[*] [Core] Sent 19 bytes to 127.0.0.1:52781
[***] Advancing FragmentPool; New base: 8
[*] [Default] Syncing ack (ch0)...

[*] [Core] Packing Ack...
--- channel: 0, sequence: 7

[*] [Core] Sent 4 bytes to 127.0.0.1:52781
Packet Tick End ==============================================================//


Packet Tick Begin ============================================================\\
[CORE HANDLE] opcode=0x0015 dataLen=4 isSubPacket=0

[*] [Core] Handling Ack...

[*] [Core] Unpacking Ack...
--- sequence: 140
[*] OutputStreamUpdateAck; previousAck=139, sequence=140
Packet Tick End ==============================================================//


Packet Tick Begin ============================================================\\
[CORE HANDLE] opcode=0x0009 dataLen=19 isSubPacket=0

[*] [Core] Handling Data...

[*] [Core] Unpacking Data...
sequence         8                   
data             46197ff584          
dataLen          15                  
crc              0                   
[STREAM] Write: seq=8 nextSeq=8 prevAck=7 isFragment=0 dataLen=15
[***] FragmentInsert: sequence=8,  data=00000046197ff584, dataLen=15, isFragment=0, index=0
[GW] Raw byte 0x06, dataLen=15

[*] [Gateway] (0) Handling TunnelPacketFromExternalConnection...

[*] [Gateway] Unpacking TunnelPacketFromExternalConnection...
[ZONE] Incoming packet first bytes: 0x1d 0x0b 0x5c (len=14)

[*] [Zone] Handling GameTimeSync

[*] [Zone] Packing GameTimeSync...
-- time                    	11	bh	11.000000
-- cycle_speed             	10	ah	10.000000
-- unk_bool                	1	1h	1.000000
[ZONE SEND] kind=146 packedLen=14

[*] [Gateway] Packing TunnelPacketToExternalConnection...
-- channel                 	0	0h	0.000000

[*] [Core] Packing Data...

[*] [Core] Sent 19 bytes to 127.0.0.1:52781
[***] Advancing FragmentPool; New base: 9
[*] [Default] Syncing ack (ch0)...

[*] [Core] Packing Ack...
--- channel: 0, sequence: 8

[*] [Core] Sent 4 bytes to 127.0.0.1:52781
Packet Tick End ==============================================================//


Packet Tick Begin ============================================================\\
[CORE HANDLE] opcode=0x0015 dataLen=4 isSubPacket=0

[*] [Core] Handling Ack...

[*] [Core] Unpacking Ack...
--- sequence: 141
[*] OutputStreamUpdateAck; previousAck=140, sequence=141
Packet Tick End ==============================================================//


Packet Tick Begin ============================================================\\
[CORE HANDLE] opcode=0x0009 dataLen=19 isSubPacket=0

[*] [Core] Handling Data...

[*] [Core] Unpacking Data...
sequence         9                   
data             46197ff584          
dataLen          15                  
crc              0                   
[STREAM] Write: seq=9 nextSeq=9 prevAck=8 isFragment=0 dataLen=15
[***] FragmentInsert: sequence=9,  data=00000046197ff584, dataLen=15, isFragment=0, index=0
[GW] Raw byte 0x06, dataLen=15

[*] [Gateway] (0) Handling TunnelPacketFromExternalConnection...

[*] [Gateway] Unpacking TunnelPacketFromExternalConnection...
[ZONE] Incoming packet first bytes: 0x1d 0x16 0x5c (len=14)

[*] [Zone] Handling GameTimeSync

[*] [Zone] Packing GameTimeSync...
-- time                    	11	bh	11.000000
-- cycle_speed             	10	ah	10.000000
-- unk_bool                	1	1h	1.000000
[ZONE SEND] kind=146 packedLen=14

[*] [Gateway] Packing TunnelPacketToExternalConnection...
-- channel                 	0	0h	0.000000

[*] [Core] Packing Data...

[*] [Core] Sent 19 bytes to 127.0.0.1:52781
[***] Advancing FragmentPool; New base: 10
[*] [Default] Syncing ack (ch0)...

[*] [Core] Packing Ack...
--- channel: 0, sequence: 9

[*] [Core] Sent 4 bytes to 127.0.0.1:52781
Packet Tick End ==============================================================//


Packet Tick Begin ============================================================\\
[CORE HANDLE] opcode=0x0015 dataLen=4 isSubPacket=0

[*] [Core] Handling Ack...

[*] [Core] Unpacking Ack...
--- sequence: 142
[*] OutputStreamUpdateAck; previousAck=141, sequence=142
Packet Tick End ==============================================================//


Packet Tick Begin ============================================================\\
[CORE HANDLE] opcode=0x0009 dataLen=19 isSubPacket=0

[*] [Core] Handling Data...

[*] [Core] Unpacking Data...
sequence         10                  
data             46197ff584          
dataLen          15                  
crc              0                   
[STREAM] Write: seq=10 nextSeq=10 prevAck=9 isFragment=0 dataLen=15
[***] FragmentInsert: sequence=10,  data=00000046197ff584, dataLen=15, isFragment=0, index=0
[GW] Raw byte 0x06, dataLen=15

[*] [Gateway] (0) Handling TunnelPacketFromExternalConnection...

[*] [Gateway] Unpacking TunnelPacketFromExternalConnection...
[ZONE] Incoming packet first bytes: 0x1d 0x25 0x5c (len=14)

[*] [Zone] Handling GameTimeSync

[*] [Zone] Packing GameTimeSync...
-- time                    	11	bh	11.000000
-- cycle_speed             	10	ah	10.000000
-- unk_bool                	1	1h	1.000000
[ZONE SEND] kind=146 packedLen=14

[*] [Gateway] Packing TunnelPacketToExternalConnection...
-- channel                 	0	0h	0.000000

[*] [Core] Packing Data...

[*] [Core] Sent 19 bytes to 127.0.0.1:52781
[***] Advancing FragmentPool; New base: 11
[*] [Default] Syncing ack (ch0)...

[*] [Core] Packing Ack...
--- channel: 0, sequence: 10

[*] [Core] Sent 4 bytes to 127.0.0.1:52781
Packet Tick End ==============================================================//


Packet Tick Begin ============================================================\\
[CORE HANDLE] opcode=0x0015 dataLen=4 isSubPacket=0

[*] [Core] Handling Ack...

[*] [Cor